
/home/runner/work/exp-stacking-fault-energy-iitk/exp-stacking-fault-energy-iitk/experiment/simulation/js/bootstrap.bundle.min.js
  6:69     warning  'module' is not defined                                                    no-undef
  6:115    warning  'define' is not defined                                                    no-undef
  6:126    warning  'define' is not defined                                                    no-undef
  6:22675  warning  Do not access Object.prototype method 'hasOwnProperty' from target object  no-prototype-builtins
  6:26531  warning  Do not access Object.prototype method 'hasOwnProperty' from target object  no-prototype-builtins
  6:26555  warning  Do not access Object.prototype method 'hasOwnProperty' from target object  no-prototype-builtins
  6:60459  warning  Expected a conditional expression and instead saw an assignment            no-cond-assign

/home/runner/work/exp-stacking-fault-energy-iitk/exp-stacking-fault-energy-iitk/experiment/simulation/js/home.js
    4:5   warning  'matSelected' is assigned a value but never used  no-unused-vars
    5:27  warning  '$' is not defined                                no-undef
    6:16  warning  '$' is not defined                                no-undef
    8:5   warning  'currentStep' is assigned a value but never used  no-unused-vars
    9:5   warning  'contrast' is assigned a value but never used     no-unused-vars
   10:5   warning  'brightness' is assigned a value but never used   no-unused-vars
   11:5   warning  'vac' is assigned a value but never used          no-unused-vars
   13:5   warning  'on' is assigned a value but never used           no-unused-vars
   14:5   warning  'dropped' is assigned a value but never used      no-unused-vars
   15:5   warning  'imgs' is assigned a value but never used         no-unused-vars
   18:5   warning  'inp' is assigned a value but never used          no-unused-vars
   63:10  warning  'toggleSwitch' is defined but never used          no-unused-vars
   74:5   warning  '$' is not defined                                no-undef
   92:5   warning  '$' is not defined                                no-undef
   95:5   warning  '$' is not defined                                no-undef
   99:1   warning  '$' is not defined                                no-undef
  103:19  warning  '$' is not defined                                no-undef
  104:20  warning  '$' is not defined                                no-undef
  105:19  warning  '$' is not defined                                no-undef
  108:5   warning  '$' is not defined                                no-undef
  133:5   warning  '$' is not defined                                no-undef
  141:27  warning  '$' is not defined                                no-undef
  146:17  warning  'ac' is not defined                               no-undef
  150:17  warning  'ac' is not defined                               no-undef
  154:17  warning  'ac' is not defined                               no-undef
  160:5   warning  '$' is not defined                                no-undef
  172:21  warning  'mag' is not defined                              no-undef
  176:21  warning  'mag' is not defined                              no-undef
  180:21  warning  'mag' is not defined                              no-undef
  184:21  warning  'mag' is not defined                              no-undef
  192:5   warning  '$' is not defined                                no-undef
  193:9   warning  '$' is not defined                                no-undef
  206:5   warning  '$' is not defined                                no-undef
  210:9   warning  '$' is not defined                                no-undef
  211:9   warning  '$' is not defined                                no-undef
  213:9   warning  '$' is not defined                                no-undef
  216:34  warning  'fx' is defined but never used                    no-unused-vars
  217:17  warning  '$' is not defined                                no-undef
  223:9   warning  '$' is not defined                                no-undef
  224:9   warning  '$' is not defined                                no-undef
  228:5   warning  '$' is not defined                                no-undef
  230:14  warning  '$' is not defined                                no-undef
  235:9   warning  '$' is not defined                                no-undef
  236:9   warning  '$' is not defined                                no-undef
  237:9   warning  '$' is not defined                                no-undef
  243:5   warning  '$' is not defined                                no-undef
  247:16  warning  '$' is not defined                                no-undef
  250:9   warning  'url' is not defined                              no-undef
  250:43  warning  'mag' is not defined                              no-undef
  250:49  warning  'item' is not defined                             no-undef
  252:13  warning  '$' is not defined                                no-undef
  252:40  warning  'url' is not defined                              no-undef
  253:13  warning  '$' is not defined                                no-undef
  253:41  warning  'url' is not defined                              no-undef
  255:13  warning  '$' is not defined                                no-undef
  255:40  warning  'url' is not defined                              no-undef
  256:13  warning  '$' is not defined                                no-undef
  256:41  warning  'url' is not defined                              no-undef
  258:13  warning  '$' is not defined                                no-undef
  258:40  warning  'url' is not defined                              no-undef
  259:13  warning  '$' is not defined                                no-undef
  259:41  warning  'url' is not defined                              no-undef
  263:5   warning  '$' is not defined                                no-undef
  265:9   warning  '$' is not defined                                no-undef
  270:5   warning  '$' is not defined                                no-undef
  275:17  warning  '$' is not defined                                no-undef
  277:13  warning  '$' is not defined                                no-undef
  278:13  warning  '$' is not defined                                no-undef
  288:10  warning  'change' is defined but never used                no-unused-vars
  290:5   warning  '$' is not defined                                no-undef
  291:5   warning  '$' is not defined                                no-undef
  348:9   warning  '$' is not defined                                no-undef
  352:13  warning  'item' is not defined                             no-undef
  353:13  warning  '$' is not defined                                no-undef
  354:13  warning  '$' is not defined                                no-undef
  355:13  warning  '$' is not defined                                no-undef
  357:19  warning  'item' is not defined                             no-undef
  358:13  warning  '$' is not defined                                no-undef
  359:13  warning  '$' is not defined                                no-undef
  360:13  warning  '$' is not defined                                no-undef
  363:17  warning  'item' is not defined                             no-undef
  364:13  warning  '$' is not defined                                no-undef
  365:13  warning  '$' is not defined                                no-undef
  366:13  warning  '$' is not defined                                no-undef
  420:9   warning  'item' is not defined                             no-undef
  422:9   warning  '$' is not defined                                no-undef
  427:9   warning  'item' is not defined                             no-undef
  429:9   warning  '$' is not defined                                no-undef
  434:9   warning  'item' is not defined                             no-undef
  436:9   warning  '$' is not defined                                no-undef

/home/runner/work/exp-stacking-fault-energy-iitk/exp-stacking-fault-energy-iitk/experiment/simulation/js/jquery-ui.min.js
  6:54      warning  'define' is not defined                                          no-undef
  6:65      warning  'define' is not defined                                          no-undef
  6:88      warning  'jQuery' is not defined                                          no-undef
  6:6116    warning  'i' is already defined                                           no-redeclare
  6:6663    warning  't' is already defined                                           no-redeclare
  6:6687    warning  's' is already defined                                           no-redeclare
  6:8011    warning  Expected a conditional expression and instead saw an assignment  no-cond-assign
  6:8645    warning  Unnecessary escape character: \+                                 no-useless-escape
  6:8647    warning  Unnecessary escape character: \-                                 no-useless-escape
  6:9207    warning  'e' is already defined                                           no-redeclare
  6:12980   warning  'i' is already defined                                           no-redeclare
  6:13048   warning  'a' is already defined                                           no-redeclare
  6:13466   warning  'i' is already defined                                           no-redeclare
  6:13536   warning  'a' is already defined                                           no-redeclare
  6:14407   warning  Unnecessary escape character: \-                                 no-useless-escape
  6:14600   warning  Unnecessary escape character: \%                                 no-useless-escape
  6:14624   warning  Unnecessary escape character: \%                                 no-useless-escape
  6:14648   warning  Unnecessary escape character: \%                                 no-useless-escape
  6:15177   warning  Unnecessary escape character: \%                                 no-useless-escape
  6:15201   warning  Unnecessary escape character: \%                                 no-useless-escape
  6:16040   warning  'i' is already defined                                           no-redeclare
  6:16056   warning  'e' is already defined                                           no-redeclare
  6:17687   warning  't' is already defined                                           no-redeclare
  6:18921   warning  't' is already defined                                           no-redeclare
  6:18928   warning  'i' is already defined                                           no-redeclare
  6:18995   warning  'l' is already defined                                           no-redeclare
  6:19184   warning  't' is already defined                                           no-redeclare
  6:19191   warning  'i' is already defined                                           no-redeclare
  6:19215   warning  's' is already defined                                           no-redeclare
  6:20299   warning  Empty block statement                                            no-empty
  6:20390   warning  Empty block statement                                            no-empty
  6:22153   warning  'e' is already defined                                           no-redeclare
  6:22171   warning  't' is already defined                                           no-redeclare
  6:26152   warning  'e' is already defined                                           no-redeclare
  6:29745   warning  'o' is already defined                                           no-redeclare
  6:29758   warning  'o' is already defined                                           no-redeclare
  6:29832   warning  's' is already defined                                           no-redeclare
  6:31818   warning  'o' is already defined                                           no-redeclare
  6:31924   warning  't' is already defined                                           no-redeclare
  6:32451   warning  'o' is already defined                                           no-redeclare
  6:32471   warning  'n' is already defined                                           no-redeclare
  6:34280   warning  Redundant double negation                                        no-extra-boolean-cast
  6:34463   warning  's' is already defined                                           no-redeclare
  6:36629   warning  'e' is already defined                                           no-redeclare
  6:37339   warning  's' is already defined                                           no-redeclare
  6:37414   warning  's' is already defined                                           no-redeclare
  6:37936   warning  's' is already defined                                           no-redeclare
  6:38353   warning  'n' is already defined                                           no-redeclare
  6:40827   warning  Unexpected control character(s) in regular expression: \x1f      no-control-regex
  6:41839   warning  't' is already defined                                           no-redeclare
  6:48527   warning  'a' is already defined                                           no-redeclare
  6:50030   warning  'h' is already defined                                           no-redeclare
  6:60571   warning  't' is already defined                                           no-redeclare
  6:60585   warning  Unnecessary escape character: \-                                 no-useless-escape
  6:60587   warning  Unnecessary escape character: \[                                 no-useless-escape
  6:60602   warning  Unnecessary escape character: \^                                 no-useless-escape
  6:61247   warning  't' is already defined                                           no-redeclare
  6:68295   warning  Unnecessary escape character: \-                                 no-useless-escape
  6:68297   warning  Unnecessary escape character: \[                                 no-useless-escape
  6:68312   warning  Unnecessary escape character: \^                                 no-useless-escape
  6:72230   warning  'e' is already defined                                           no-redeclare
  6:78639   warning  't' is already defined                                           no-redeclare
  6:82269   warning  't' is already defined                                           no-redeclare
  6:86471   warning  Unnecessary escape character: \-                                 no-useless-escape
  6:93412   warning  Expected a conditional expression and instead saw an assignment  no-cond-assign
  6:95505   warning  Empty block statement                                            no-empty
  6:95932   warning  Expected a conditional expression and instead saw an assignment  no-cond-assign
  6:100367  warning  't' is already defined                                           no-redeclare
  6:100898  warning  't' is already defined                                           no-redeclare
  6:101523  warning  't' is already defined                                           no-redeclare
  6:101627  warning  Expected a conditional expression and instead saw an assignment  no-cond-assign
  6:102558  warning  'r' is already defined                                           no-redeclare
  6:102956  warning  'e' is already defined                                           no-redeclare
  6:103005  warning  'e' is already defined                                           no-redeclare
  6:103051  warning  'e' is already defined                                           no-redeclare
  6:103188  warning  'e' is already defined                                           no-redeclare
  6:106897  warning  't' is already defined                                           no-redeclare
  6:107060  warning  Empty block statement                                            no-empty
  6:107195  warning  Unnecessary escape character: \-                                 no-useless-escape
  6:107978  warning  'e' is already defined                                           no-redeclare
  6:109571  warning  'A' is already defined                                           no-redeclare
  6:115683  warning  Unnecessary escape character: \-                                 no-useless-escape
  6:115732  warning  Unnecessary escape character: \-                                 no-useless-escape
  6:116346  warning  'e' is already defined                                           no-redeclare
  6:116412  warning  'e' is already defined                                           no-redeclare
  6:116697  warning  't' is already defined                                           no-redeclare
  6:116728  warning  'e' is already defined                                           no-redeclare
  6:117328  warning  'n' is already defined                                           no-redeclare
  6:117727  warning  Unnecessary escape character: \-                                 no-useless-escape
  6:117757  warning  Unnecessary escape character: \-                                 no-useless-escape
  6:127649  warning  't' is already defined                                           no-redeclare
  6:131503  warning  't' is already defined                                           no-redeclare
  6:136449  warning  'i' is already defined                                           no-redeclare
  6:140388  warning  'i' is already defined                                           no-redeclare
  6:140400  warning  'i' is already defined                                           no-redeclare
  6:141535  warning  'e' is already defined                                           no-redeclare
  6:141594  warning  Empty block statement                                            no-empty
  6:146995  warning  'e' is already defined                                           no-redeclare
  6:147014  warning  'i' is already defined                                           no-redeclare
  6:150381  warning  'i' is already defined                                           no-redeclare
  6:153296  warning  'n' is already defined                                           no-redeclare
  6:153344  warning  'a' is already defined                                           no-redeclare
  6:153428  warning  'o' is already defined                                           no-redeclare
  6:154993  warning  't' is already defined                                           no-redeclare
  6:156478  warning  'o' is already defined                                           no-redeclare
  6:158703  warning  's' is already defined                                           no-redeclare
  6:162155  warning  's' is already defined                                           no-redeclare
  6:167073  warning  't' is already defined                                           no-redeclare
  6:167677  warning  'i' is already defined                                           no-redeclare
  6:171352  warning  Expected a conditional expression and instead saw an assignment  no-cond-assign
  6:180917  warning  'e' is already defined                                           no-redeclare
  6:182391  warning  Expected a conditional expression and instead saw an assignment  no-cond-assign
  6:196734  warning  'e' is already defined                                           no-redeclare
  6:197198  warning  't' is already defined                                           no-redeclare
  6:197431  warning  't' is already defined                                           no-redeclare
  6:200665  warning  't' is already defined                                           no-redeclare
  6:201123  warning  't' is already defined                                           no-redeclare
  6:212448  warning  Unnecessary escape character: \-                                 no-useless-escape
  6:212974  warning  'h' is already defined                                           no-redeclare
  6:213014  warning  'c' is already defined                                           no-redeclare
  6:213554  warning  't' is already defined                                           no-redeclare
  6:214049  warning  't' is already defined                                           no-redeclare
  6:219348  warning  Expected a conditional expression and instead saw an assignment  no-cond-assign
  6:220595  warning  't' is already defined                                           no-redeclare
  6:224442  warning  't' is already defined                                           no-redeclare
  6:233581  warning  't' is already defined                                           no-redeclare
  6:234834  warning  'Globalize' is not defined                                       no-undef
  6:234986  warning  'Globalize' is not defined                                       no-undef
  6:236919  warning  Empty block statement                                            no-empty
  6:236957  warning  Empty block statement                                            no-empty
  6:239909  warning  Unnecessary escape character: \/                                 no-useless-escape
  6:239918  warning  Unnecessary escape character: \[                                 no-useless-escape
  6:239922  warning  Unnecessary escape character: \^                                 no-useless-escape
  6:242797  warning  Expected a conditional expression and instead saw an assignment  no-cond-assign
  6:244278  warning  'i' is already defined                                           no-redeclare
  6:245599  warning  't' is already defined                                           no-redeclare
  6:247228  warning  't' is already defined                                           no-redeclare
  6:248706  warning  'e' is already defined                                           no-redeclare
  6:248776  warning  Expected a conditional expression and instead saw an assignment  no-cond-assign
  6:250874  warning  Expected a conditional expression and instead saw an assignment  no-cond-assign
  6:253482  warning  'e' is already defined                                           no-redeclare

/home/runner/work/exp-stacking-fault-energy-iitk/exp-stacking-fault-energy-iitk/experiment/simulation/js/simulator.js
    4:5   warning  'matSelected' is assigned a value but never used  no-unused-vars
    5:27  warning  '$' is not defined                                no-undef
    6:16  warning  '$' is not defined                                no-undef
    8:5   warning  'currentStep' is assigned a value but never used  no-unused-vars
    9:5   warning  'contrast' is assigned a value but never used     no-unused-vars
   10:5   warning  'brightness' is assigned a value but never used   no-unused-vars
   11:5   warning  'vac' is assigned a value but never used          no-unused-vars
   13:5   warning  'on' is assigned a value but never used           no-unused-vars
   14:5   warning  'dropped' is assigned a value but never used      no-unused-vars
   15:5   warning  'imgs' is assigned a value but never used         no-unused-vars
   18:5   warning  'inp' is assigned a value but never used          no-unused-vars
   63:10  warning  'toggleSwitch' is defined but never used          no-unused-vars
   74:5   warning  '$' is not defined                                no-undef
   92:5   warning  '$' is not defined                                no-undef
   95:5   warning  '$' is not defined                                no-undef
   99:1   warning  '$' is not defined                                no-undef
  103:19  warning  '$' is not defined                                no-undef
  104:20  warning  '$' is not defined                                no-undef
  105:19  warning  '$' is not defined                                no-undef
  108:5   warning  '$' is not defined                                no-undef
  133:5   warning  '$' is not defined                                no-undef
  141:27  warning  '$' is not defined                                no-undef
  146:17  warning  'ac' is not defined                               no-undef
  150:17  warning  'ac' is not defined                               no-undef
  154:17  warning  'ac' is not defined                               no-undef
  160:5   warning  '$' is not defined                                no-undef
  172:21  warning  'mag' is not defined                              no-undef
  176:21  warning  'mag' is not defined                              no-undef
  180:21  warning  'mag' is not defined                              no-undef
  184:21  warning  'mag' is not defined                              no-undef
  192:5   warning  '$' is not defined                                no-undef
  193:9   warning  '$' is not defined                                no-undef
  206:5   warning  '$' is not defined                                no-undef
  210:9   warning  '$' is not defined                                no-undef
  211:9   warning  '$' is not defined                                no-undef
  213:9   warning  '$' is not defined                                no-undef
  216:34  warning  'fx' is defined but never used                    no-unused-vars
  217:17  warning  '$' is not defined                                no-undef
  223:9   warning  '$' is not defined                                no-undef
  224:9   warning  '$' is not defined                                no-undef
  228:5   warning  '$' is not defined                                no-undef
  230:14  warning  '$' is not defined                                no-undef
  235:9   warning  '$' is not defined                                no-undef
  236:9   warning  '$' is not defined                                no-undef
  237:9   warning  '$' is not defined                                no-undef
  243:5   warning  '$' is not defined                                no-undef
  247:16  warning  '$' is not defined                                no-undef
  250:9   warning  'url' is not defined                              no-undef
  250:43  warning  'mag' is not defined                              no-undef
  250:49  warning  'item' is not defined                             no-undef
  252:13  warning  '$' is not defined                                no-undef
  252:40  warning  'url' is not defined                              no-undef
  253:13  warning  '$' is not defined                                no-undef
  253:41  warning  'url' is not defined                              no-undef
  255:13  warning  '$' is not defined                                no-undef
  255:40  warning  'url' is not defined                              no-undef
  256:13  warning  '$' is not defined                                no-undef
  256:41  warning  'url' is not defined                              no-undef
  258:13  warning  '$' is not defined                                no-undef
  258:40  warning  'url' is not defined                              no-undef
  259:13  warning  '$' is not defined                                no-undef
  259:41  warning  'url' is not defined                              no-undef
  263:5   warning  '$' is not defined                                no-undef
  265:9   warning  '$' is not defined                                no-undef
  270:5   warning  '$' is not defined                                no-undef
  275:17  warning  '$' is not defined                                no-undef
  277:13  warning  '$' is not defined                                no-undef
  278:13  warning  '$' is not defined                                no-undef
  288:10  warning  'change' is defined but never used                no-unused-vars
  290:5   warning  '$' is not defined                                no-undef
  291:5   warning  '$' is not defined                                no-undef
  348:9   warning  '$' is not defined                                no-undef
  352:13  warning  'item' is not defined                             no-undef
  353:13  warning  '$' is not defined                                no-undef
  354:13  warning  '$' is not defined                                no-undef
  355:13  warning  '$' is not defined                                no-undef
  357:19  warning  'item' is not defined                             no-undef
  358:13  warning  '$' is not defined                                no-undef
  359:13  warning  '$' is not defined                                no-undef
  360:13  warning  '$' is not defined                                no-undef
  363:17  warning  'item' is not defined                             no-undef
  364:13  warning  '$' is not defined                                no-undef
  365:13  warning  '$' is not defined                                no-undef
  366:13  warning  '$' is not defined                                no-undef
  420:9   warning  'item' is not defined                             no-undef
  422:9   warning  '$' is not defined                                no-undef
  427:9   warning  'item' is not defined                             no-undef
  429:9   warning  '$' is not defined                                no-undef
  434:9   warning  'item' is not defined                             no-undef
  436:9   warning  '$' is not defined                                no-undef

✖ 328 problems (0 errors, 328 warnings)
  0 errors and 1 warning potentially fixable with the `--fix` option.

